
  ___  ____  ____  ____  ____ (R)
 /__    /   ____/   /   ____/
___/   /   /___/   /   /___/   16.1   Copyright 1985-2019 StataCorp LLC
  Statistics/Data analysis            StataCorp
                                      4905 Lakeway Drive
                                      College Station, Texas 77845 USA
                                      800-STATA-PC        https://www.stata.com
                                      979-696-4600        stata@stata.com
                                      979-696-4601 (fax)

Stata license: Single-user  perpetual
Serial number: 12345678910
  Licensed to: zhangyang
               xianjiaotonguniversity

Notes:
      1. Stata is running in batch mode.
      2. Unicode is supported; see help unicode_advice.

. do baseline_reg.do 

. // =====================================================================
. // baseline_reg.do — 描述性统计 + 基准 DID 回归
. // 日期: 2026-05-14
. // 前置: 先在 Python 中运行抽样 → panel_10pct.csv
. // 抽样代码: 见 notebook 末尾 "Stata 抽样准备" cell
. // =====================================================================
. 
. clear

. set more off

. 
. // =====================================================================
. // 1. 数据导入
. // =====================================================================
. di "=== 导入 10% 样本 ==="
=== 导入 10% 样本 ===

. import delimited "/Data4/yutao_wen/processed/panel_10pct.csv", clear
(28 vars, 24,892,386 obs)

. di "Total rows: " _N
Total rows: 24892386

. 
. // =====================================================================
. // 2. 变量预处理
. // =====================================================================
. di "=== 变量预处理 ==="
=== 变量预处理 ===

. 
. // 确保完整
. replace yearlycitation = 0 if missing(yearlycitation)
(0 real changes made)

. replace log_yearlycitation = ln(1 + yearlycitation) if missing(log_yearlycita
> tion)
(0 real changes made)

. 
. // 重命名 (Stata-friendly)
. rename group_val group

. rename journal_id jid

. rename dom_distance dom_dist

. rename pre_cites_total pre_cites

. rename log_yearlycitation log_cites

. rename yearlycitation cites

. 
. // Panel ID = pair (unique focal_id + paper_id combination)
. // paper 可出现在多个 pair 中, 所以用 pair 而非 paper_id
. egen panel_id = group(focal_id paper_id)

. drop paper_numid pair

. 
. // 标签
. label var group    "Treatment (1=focal, 0=candidate)"

. label var year     "Calendar year"

. label var cites    "Yearly citations"

. label var log_cites "ln(1+cites)"

. label var did      "DID (treated x post)"

. label var dom_dist "DOM distance"

. label var numa     "No. of authors"

. label var numr     "No. of references"

. label var pre_cites "Pre-retraction total cites"

. label var selfretra "Self-retracted focal"

. label var age      "Paper age"

. 
. // =====================================================================
. // 3. 描述性统计 (Table 1)
. // =====================================================================
. di ""


. di "=========================================="
==========================================

. di " TABLE 1: DESCRIPTIVE STATISTICS"
 TABLE 1: DESCRIPTIVE STATISTICS

. di "=========================================="
==========================================

. 
. summarize log_cites did post treated dom_dist numa numr ///
>     pre_cites age selfretra

    Variable |        Obs        Mean    Std. Dev.       Min        Max
-------------+---------------------------------------------------------
   log_cites | 24,892,386    1.347252    .9293672          0   7.002156
         did | 24,892,386    .6247091     .484198          0          1
        post | 24,892,386    .6433395    .4790134          0          1
     treated | 24,892,386    .9726389    .1631334          0          1
    dom_dist | 24,892,386    .1754867    .1529181          0         .6
-------------+---------------------------------------------------------
        numa | 24,892,386    6.292622    3.161496          0         45
        numr | 24,892,386    45.47399    20.02894          1        923
   pre_cites | 24,892,386    4073.623    8751.068          0     110967
         age | 24,892,386    5.417888    5.098373          0         62
   selfretra | 24,892,386    .0321737    .1764612          0          1

. 
. di ""


. di "--- By Group ---"
--- By Group ---

. bysort group: summarize log_cites did post treated dom_dist numa numr ///
>     pre_cites age selfretra

-------------------------------------------------------------------------------
-> group = 0

    Variable |        Obs        Mean    Std. Dev.       Min        Max
-------------+---------------------------------------------------------
   log_cites |    681,084     1.20699    .9294471          0   6.297109
         did |    681,084           0           0          0          0
        post |    681,084    .6809087    .4661248          0          1
     treated |    681,084           0           0          0          0
    dom_dist |    681,084    .2441632    .1694398          0         .6
-------------+---------------------------------------------------------
        numa |    681,084    5.794551    3.362619          0         45
        numr |    681,084     49.0818    33.89038          1        923
   pre_cites |    681,084    21.93131    50.81125          0       1630
         age |    681,084    5.711401    5.577579          0         62
   selfretra |    681,084    .0404062    .1969101          0          1

-------------------------------------------------------------------------------
-> group = 1

    Variable |        Obs        Mean    Std. Dev.       Min        Max
-------------+---------------------------------------------------------
   log_cites | 24,211,302    1.351198    .9290588          0   7.002156
         did | 24,211,302    .6422826    .4793283          0          1
        post | 24,211,302    .6422826    .4793283          0          1
     treated | 24,211,302           1           0          1          1
    dom_dist | 24,211,302    .1735548    .1519794          0         .6
-------------+---------------------------------------------------------
        numa | 24,211,302    6.306633    3.154515          0         45
        numr | 24,211,302     45.3725    19.48735          1        923
   pre_cites | 24,211,302    4187.601    8846.503          0     110967
         age | 24,211,302    5.409631    5.083995          0         62
   selfretra | 24,211,302    .0319421     .175846          0          1


. 
. // 样本计数
. count if group == 1
  24,211,302

. local n1 = r(N)

. count if group == 0
  681,084

. local n0 = r(N)

. di "Treatment rows: " %15.0gc `n1'
Treatment rows:      24,211,302

. di "Control rows:  " %15.0gc `n0'
Control rows:          681,084

. 
. // =====================================================================
. // 4. 基准回归 (Table 2)
. // =====================================================================
. di ""


. di "=========================================="
==========================================

. di " TABLE 2: BASELINE DID"
 TABLE 2: BASELINE DID

. di "=========================================="
==========================================

. 
. // (1) DID only
. reghdfe log_cites did, absorb(panel_id year age) cluster(focal_id)
(MWFE estimator converged in 10 iterations)

HDFE Linear regression                            Number of obs   = 24,892,386
Absorbing 3 HDFE groups                           F(   1,  14891) =       8.67
Statistics robust to heteroskedasticity           Prob > F        =     0.0032
                                                  R-squared       =     0.7103
                                                  Adj R-squared   =     0.7097
                                                  Within R-sq.    =     0.0006
Number of clusters (focal_id) =     14,892        Root MSE        =     0.5007

                          (Std. Err. adjusted for 14,892 clusters in focal_id)
------------------------------------------------------------------------------
             |               Robust
   log_cites |      Coef.   Std. Err.      t    P>|t|     [95% Conf. Interval]
-------------+----------------------------------------------------------------
         did |   .0398801   .0135441     2.94   0.003      .013332    .0664282
       _cons |   1.322339   .0084611   156.28   0.000     1.305754    1.338924
------------------------------------------------------------------------------

Absorbed degrees of freedom:
-----------------------------------------------------+
 Absorbed FE | Categories  - Redundant  = Num. Coefs |
-------------+---------------------------------------|
    panel_id |     52132       52132           0    *|
        year |        63           1          62     |
         age |        63           1          62     |
-----------------------------------------------------+
* = FE nested within cluster; treated as redundant for DoF computation

. est store m1

. estadd local paper_fe "Y"; estadd local year_fe "Y"; estadd local ctrl "None"

added macro:
           e(paper_fe) : "Y"; estadd local year_fe "Y"; estadd local ctrl "None
> "

. 
. // (2) + Basic controls
. reghdfe log_cites did author_year ref_year sef_year ///
>     log_numa log_numr, absorb(panel_id year age) cluster(focal_id)
(MWFE estimator converged in 11 iterations)
note: log_numa is probably collinear with the fixed effects (all partialled-out
>  values are close to zero; tol = 1.0e-09)
note: log_numr is probably collinear with the fixed effects (all partialled-out
>  values are close to zero; tol = 1.0e-09)

HDFE Linear regression                            Number of obs   = 24,892,386
Absorbing 3 HDFE groups                           F(   4,  14891) =       7.58
Statistics robust to heteroskedasticity           Prob > F        =     0.0000
                                                  R-squared       =     0.7113
                                                  Adj R-squared   =     0.7107
                                                  Within R-sq.    =     0.0041
Number of clusters (focal_id) =     14,892        Root MSE        =     0.4998

                          (Std. Err. adjusted for 14,892 clusters in focal_id)
------------------------------------------------------------------------------
             |               Robust
   log_cites |      Coef.   Std. Err.      t    P>|t|     [95% Conf. Interval]
-------------+----------------------------------------------------------------
         did |   .0410161   .0134953     3.04   0.002     .0145637    .0674684
 author_year |  -.1770825   .3285841    -0.54   0.590    -.8211478    .4669829
    ref_year |  -.0257991   .2804174    -0.09   0.927    -.5754517    .5238535
    sef_year |  -4.024813   .9131656    -4.41   0.000     -5.81473   -2.234896
    log_numa |          0  (omitted)
    log_numr |          0  (omitted)
       _cons |   12.63459   22.67715     0.56   0.577    -31.81542     57.0846
------------------------------------------------------------------------------

Absorbed degrees of freedom:
-----------------------------------------------------+
 Absorbed FE | Categories  - Redundant  = Num. Coefs |
-------------+---------------------------------------|
    panel_id |     52132       52132           0    *|
        year |        63           1          62     |
         age |        63           1          62     |
-----------------------------------------------------+
* = FE nested within cluster; treated as redundant for DoF computation

. est store m2

. estadd local paper_fe "Y"; estadd local year_fe "Y"; estadd local ctrl "Basic
> "

added macro:
           e(paper_fe) : "Y"; estadd local year_fe "Y"; estadd local ctrl "Basi
> c"

. 
. // (3) + Full controls (Azoulay 2019)
. reghdfe log_cites did author_year ref_year sef_year ///
>     log_numa log_numr log_pre_cites pre_cites, ///
>     absorb(panel_id year age) cluster(focal_id)
(MWFE estimator converged in 11 iterations)
note: log_numa is probably collinear with the fixed effects (all partialled-out
>  values are close to zero; tol = 1.0e-09)
note: log_numr is probably collinear with the fixed effects (all partialled-out
>  values are close to zero; tol = 1.0e-09)

HDFE Linear regression                            Number of obs   = 24,892,386
Absorbing 3 HDFE groups                           F(   6,  14891) =      46.61
Statistics robust to heteroskedasticity           Prob > F        =     0.0000
                                                  R-squared       =     0.7117
                                                  Adj R-squared   =     0.7111
                                                  Within R-sq.    =     0.0053
Number of clusters (focal_id) =     14,892        Root MSE        =     0.4996

                          (Std. Err. adjusted for 14,892 clusters in focal_id)
------------------------------------------------------------------------------
             |               Robust
   log_cites |      Coef.   Std. Err.      t    P>|t|     [95% Conf. Interval]
-------------+----------------------------------------------------------------
         did |   .0317724   .0138238     2.30   0.022     .0046759    .0588688
 author_year |  -.1756332   .3283575    -0.53   0.593    -.8192544    .4679881
    ref_year |  -.0246466   .2805755    -0.09   0.930    -.5746091    .5253159
    sef_year |  -4.020775   .9125567    -4.41   0.000    -5.809499   -2.232051
    log_numa |          0  (omitted)
    log_numr |          0  (omitted)
log_pre_ci~s |   .0238685   .0018427    12.95   0.000     .0202565    .0274805
   pre_cites |  -2.31e-06   5.77e-07    -4.01   0.000    -3.44e-06   -1.18e-06
       _cons |   12.36531   22.68555     0.55   0.586    -32.10116    56.83178
------------------------------------------------------------------------------

Absorbed degrees of freedom:
-----------------------------------------------------+
 Absorbed FE | Categories  - Redundant  = Num. Coefs |
-------------+---------------------------------------|
    panel_id |     52132       52132           0    *|
        year |        63           1          62     |
         age |        63           1          62     |
-----------------------------------------------------+
* = FE nested within cluster; treated as redundant for DoF computation

. est store m3

. estadd local paper_fe "Y"; estadd local year_fe "Y"; estadd local ctrl "Full"

added macro:
           e(paper_fe) : "Y"; estadd local year_fe "Y"; estadd local ctrl "Full
> "

. 
. // =====================================================================
. // 5. 输出
. // =====================================================================
. esttab m1 m2 m3 ///
>     using "/home/wenyutao/retraction_analysis2/StataAnalysis/Table_Baseline.c
> sv", ///
>     replace b(%9.3f) t(%9.3f) star(* 0.1 ** 0.05 *** 0.01) ///
>     drop(author_year ref_year sef_year log_numa log_numr log_pre_cites pre_ci
> tes _cons) ///
>     scalars("paper_fe Paper_FE" "year_fe Year_FE" "ctrl Controls") ///
>     mtitle("DID only" "+Basic" "+Full") ///
>     title("Baseline DID: Effect of Retraction on Citations") ///
>     addnotes("Paper FE + Year FE + Age FE. SE clustered at focal level." ///
>              "Full controls: author_year, ref_year, sef_year, log_numa, log_n
> umr, log_pre_cites, pre_cites_total.")
(note: file /home/wenyutao/retraction_analysis2/StataAnalysis/Table_Baseline.cs
> v not found)
(output written to /home/wenyutao/retraction_analysis2/StataAnalysis/Table_Base
> line.csv)

. 
. di ""


. di "=== DONE ==="
=== DONE ===

. 
end of do-file
